input: null
output: {}
interactions:
  - "": Clicked
