{"failedItems":["Button-Primary.png"],"newItems":[],"deletedItems":["chris-curry-kBkDovDprR4-unsplash.jpg"],"passedItems":["Button-Large.png","Button-Secondary.png","Button-Small.png","Header-Logged In.png","Header-Logged Out.png","Page-Logged In.png","Page-Logged Out.png"],"expectedItems":["Button-Large.png","Button-Primary.png","Button-Secondary.png","Button-Small.png","chris-curry-kBkDovDprR4-unsplash.jpg","Header-Logged In.png","Header-Logged Out.png","Page-Logged In.png","Page-Logged Out.png"],"actualItems":["Button-Large.png","Button-Primary.png","Button-Secondary.png","Button-Small.png","Header-Logged In.png","Header-Logged Out.png","Page-Logged In.png","Page-Logged Out.png"],"diffItems":["Button-Primary.png"],"actualDir":"./current","expectedDir":"./reference","diffDir":"./diff"}