<!DOCTYPE html>
<html lang="en">
<head>
    <meta charset="UTF-8">
    <meta name="viewport" content="width=device-width, initial-scale=1.0">
    <title>Your Page Title</title>
    <link rel="stylesheet" href="styles.css"> <!-- Link to your CSS file (if applicable) -->
</head>
<body>
    <header>
        <h1>Welcome to My Website</h1>
    </header>

    <nav>
        <ul>
            <li><a href="#">Home</a></li>
            <li><a href="#">About</a></li>
            <li><a href="#">Services</a></li>
            <li><a href="#">Contact</a></li>
        </ul>
    </nav>

    <main>
        <section>
            <h2>About Us</h2>
            <p>This is where you can introduce your website and provide some information about your organization or project.</p>
        </section>

        <section>
            <h2>Services</h2>
            <ul>
                <li>Service 1</li>
                <li>Service 2</li>
                <li>Service 3</li>
            </ul>
        </section>
    </main>

    <footer>
        <p>&copy; 2023 Your Website Name</p>
    </footer>
</body>
</html>